<?php return array (
  0 => 'Symfony\\Bundle\\FrameworkBundle\\Controller\\AbstractController',
  1 => 'App\\Controller\\Admin\\AttachmentCrudController',
  2 => 'App\\Controller\\Admin\\DashboardController',
  3 => 'App\\Controller\\Admin\\EventCrudController',
  4 => 'App\\Controller\\Admin\\LocationCrudController',
  5 => 'App\\Controller\\Admin\\MemberCrudController',
  6 => 'App\\Controller\\Admin\\NewsCrudController',
  7 => 'App\\Controller\\Admin\\PageCrudController',
  8 => 'App\\Controller\\Admin\\UserCrudController',
  9 => 'App\\Controller\\BaseController',
  10 => 'App\\Controller\\ContactController',
  11 => 'App\\Controller\\EventController',
  12 => 'App\\Controller\\HomeController',
  13 => 'App\\Controller\\MemberController',
  14 => 'App\\Controller\\NewsController',
  15 => 'App\\Controller\\SecurityController',
  16 => 'App\\Entity\\Admin\\Fields\\VichImageField',
  17 => 'App\\Entity\\Attachment',
  18 => 'App\\Entity\\Event',
  19 => 'App\\Entity\\Location',
  20 => 'App\\Entity\\Member',
  21 => 'App\\Entity\\News',
  22 => 'App\\Entity\\Page',
  23 => 'App\\Entity\\User',
  24 => 'Doctrine\\Bundle\\DoctrineBundle\\Controller\\ProfilerController',
  25 => 'Doctrine\\ORM\\Cache\\Persister\\Entity\\AbstractEntityPersister',
  26 => 'Doctrine\\ORM\\Cache\\Persister\\Entity\\CachedEntityPersister',
  27 => 'Doctrine\\ORM\\Cache\\Persister\\Entity\\NonStrictReadWriteCachedEntityPersister',
  28 => 'Doctrine\\ORM\\Cache\\Persister\\Entity\\ReadOnlyCachedEntityPersister',
  29 => 'Doctrine\\ORM\\Cache\\Persister\\Entity\\ReadWriteCachedEntityPersister',
  30 => 'Doctrine\\ORM\\Persisters\\Entity\\AbstractEntityInheritancePersister',
  31 => 'Doctrine\\ORM\\Persisters\\Entity\\BasicEntityPersister',
  32 => 'Doctrine\\ORM\\Persisters\\Entity\\CachedPersisterContext',
  33 => 'Doctrine\\ORM\\Persisters\\Entity\\EntityPersister',
  34 => 'Doctrine\\ORM\\Persisters\\Entity\\JoinedSubclassPersister',
  35 => 'Doctrine\\ORM\\Persisters\\Entity\\SingleTablePersister',
  36 => 'EasyCorp\\Bundle\\EasyAdminBundle\\Contracts\\Controller\\CrudControllerInterface',
  37 => 'EasyCorp\\Bundle\\EasyAdminBundle\\Contracts\\Controller\\DashboardControllerInterface',
  38 => 'EasyCorp\\Bundle\\EasyAdminBundle\\Controller\\AbstractCrudController',
  39 => 'EasyCorp\\Bundle\\EasyAdminBundle\\Controller\\AbstractDashboardController',
  40 => 'EasyCorp\\Bundle\\EasyAdminBundle\\Controller\\EasyAdminController',
  42 => 'Symfony\\Bundle\\FrameworkBundle\\Controller\\ControllerResolver',
  43 => 'Symfony\\Bundle\\FrameworkBundle\\Controller\\RedirectController',
  44 => 'Symfony\\Bundle\\FrameworkBundle\\Controller\\TemplateController',
  45 => 'Symfony\\Bundle\\WebProfilerBundle\\Controller\\ExceptionPanelController',
  46 => 'Symfony\\Bundle\\WebProfilerBundle\\Controller\\ProfilerController',
  47 => 'Symfony\\Bundle\\WebProfilerBundle\\Controller\\RouterController',
  48 => 'Symfony\\Component\\HttpKernel\\Controller\\ArgumentResolver',
  49 => 'Symfony\\Component\\HttpKernel\\Controller\\ArgumentResolverInterface',
  50 => 'Symfony\\Component\\HttpKernel\\Controller\\ArgumentResolver\\DefaultValueResolver',
  51 => 'Symfony\\Component\\HttpKernel\\Controller\\ArgumentResolver\\NotTaggedControllerValueResolver',
  52 => 'Symfony\\Component\\HttpKernel\\Controller\\ArgumentResolver\\RequestAttributeValueResolver',
  53 => 'Symfony\\Component\\HttpKernel\\Controller\\ArgumentResolver\\RequestValueResolver',
  54 => 'Symfony\\Component\\HttpKernel\\Controller\\ArgumentResolver\\ServiceValueResolver',
  55 => 'Symfony\\Component\\HttpKernel\\Controller\\ArgumentResolver\\SessionValueResolver',
  56 => 'Symfony\\Component\\HttpKernel\\Controller\\ArgumentResolver\\TraceableValueResolver',
  57 => 'Symfony\\Component\\HttpKernel\\Controller\\ArgumentResolver\\VariadicValueResolver',
  58 => 'Symfony\\Component\\HttpKernel\\Controller\\ArgumentValueResolverInterface',
  59 => 'Symfony\\Component\\HttpKernel\\Controller\\ContainerControllerResolver',
  60 => 'Symfony\\Component\\HttpKernel\\Controller\\ControllerReference',
  61 => 'Symfony\\Component\\HttpKernel\\Controller\\ControllerResolver',
  62 => 'Symfony\\Component\\HttpKernel\\Controller\\ControllerResolverInterface',
  63 => 'Symfony\\Component\\HttpKernel\\Controller\\ErrorController',
  64 => 'Symfony\\Component\\HttpKernel\\Controller\\TraceableArgumentResolver',
  65 => 'Symfony\\Component\\HttpKernel\\Controller\\TraceableControllerResolver',
  66 => 'Symfony\\Component\\Security\\Http\\Controller\\UserValueResolver',
  67 => 'Vich\\UploaderBundle\\Entity\\File',
);